nohup: ignoring input
[2026-02-26 23:55:18] 等待 import_data.sh 进程结束...
[2026-02-28 03:59:14] 进程 PID 1381780 已结束
[2026-02-28 03:59:14] 开始第一次运行 test_tpch10.py (db_name=tpch10)...
已加载 2 个向量和 22 条SQL查询

Character set '45' is not a compiled character set and is not specified in the '/usr/local/mysql/share/charsets/Index.xml' file
[*] 正在测试 Q1...
[*] 正在测试 Q2...
[*] 正在测试 Q3...
[*] 正在测试 Q4...
[*] 正在测试 Q5...
[*] 正在测试 Q6...
[*] 正在测试 Q7...
[*] 正在测试 Q8...
[*] 正在测试 Q9...
[*] 正在测试 Q10...
[*] 正在测试 Q11...
[*] 正在测试 Q12...
[*] 正在测试 Q13...
[*] 正在测试 Q14...
[*] 正在测试 Q15...
[*] 正在测试 Q16...
[*] 正在测试 Q17...
[*] 正在测试 Q18...
[*] 正在测试 Q19...
[*] 正在测试 Q20...
[*] 正在测试 Q21...
[*] 正在测试 Q22...

基础指标:
  纯向量检索平均耗时 (Base Latency): 221.07 ms
  纯向量检索样本数: 18

                 TPC-H 22条查询性能测试结果 (共测试 22 条查询)                  
┏━━━━━━━━━━┳━━━━━━━━━━━━━┳━━━━━━━━━━┳━━━━━━━━━━━━━┳━━━━━━━━━━━━━━┳━━━━━━━━━━━━━┓
┃          ┃             ┃          ┃    平均延时 ┃     最小延时 ┃    最大延时 ┃
┃ Query ID ┃ 是否包含向… ┃ 测试次数 ┃        (ms) ┃         (ms) ┃        (ms) ┃
┡━━━━━━━━━━╇━━━━━━━━━━━━━╇━━━━━━━━━━╇━━━━━━━━━━━━━╇━━━━━━━━━━━━━━╇━━━━━━━━━━━━━┩
│ Q1       │     否      │        1 │   220435.25 │    220435.25 │   220435.25 │
│ Q2       │     否      │        1 │   806508.82 │    806508.82 │   806508.82 │
│ Q3       │     是      │        2 │   614204.95 │    613978.17 │   614431.73 │
│ Q4       │     否      │        1 │    64938.63 │     64938.63 │    64938.63 │
│ Q5       │     是      │        2 │   608579.22 │    598484.62 │   618673.82 │
│ Q6       │     否      │        1 │    52221.72 │     52221.72 │    52221.72 │
│ Q7       │     否      │        1 │    69922.62 │     69922.62 │    69922.62 │
│ Q8       │     是      │        2 │   783107.15 │    772882.49 │   793331.81 │
│ Q9       │     是      │        2 │   728756.28 │    726684.26 │   730828.30 │
│ Q10      │     是      │        2 │   702685.04 │    701246.79 │   704123.30 │
│ Q11      │     是      │        2 │   607930.43 │    605267.26 │   610593.60 │
│ Q12      │     是      │        2 │   593237.08 │    578977.04 │   607497.13 │
│ Q13      │     否      │        1 │    20644.47 │     20644.47 │    20644.47 │
│ Q14      │     否      │        1 │   180992.83 │    180992.83 │   180992.83 │
│ Q15      │     否      │        1 │    60887.19 │     60887.19 │    60887.19 │
│ Q16      │     否      │        1 │   650692.10 │    650692.10 │   650692.10 │
│ Q17      │     否      │        1 │   234299.46 │    234299.46 │   234299.46 │
│ Q18      │     是      │        2 │   645301.77 │    630528.20 │   660075.35 │
│ Q19      │     否      │        1 │   170222.40 │    170222.40 │   170222.40 │
│ Q20      │     是      │        2 │   815402.52 │    767707.73 │   863097.30 │
│ Q21      │     否      │        1 │   117786.76 │    117786.76 │   117786.76 │
│ Q22      │     否      │        1 │    18918.22 │     18918.22 │    18918.22 │
└──────────┴─────────────┴──────────┴─────────────┴──────────────┴─────────────┘

总体统计:
  所有查询平均延时: 398530.68 ms
  成功测试的查询数: 22/22
[2026-02-28 08:07:11] 第一次运行完成
[2026-02-28 08:07:11] 修改 CONFIG['db_name'] 为 'tpch10_1'...
[2026-02-28 08:07:11] 开始第二次运行 test_tpch10.py (db_name=tpch10_1)...
已加载 2 个向量和 22 条SQL查询

Character set '45' is not a compiled character set and is not specified in the '/usr/local/mysql/share/charsets/Index.xml' file
[*] 正在测试 Q1...
[*] 正在测试 Q2...
[*] 正在测试 Q3...
[*] 正在测试 Q4...
[*] 正在测试 Q5...
[*] 正在测试 Q6...
[*] 正在测试 Q7...
[*] 正在测试 Q8...
[*] 正在测试 Q9...
[*] 正在测试 Q10...
[*] 正在测试 Q11...
[*] 正在测试 Q12...
[*] 正在测试 Q13...
[*] 正在测试 Q14...
[*] 正在测试 Q15...
[*] 正在测试 Q16...
[*] 正在测试 Q17...
[*] 正在测试 Q18...
[*] 正在测试 Q19...
[*] 正在测试 Q20...
[*] 正在测试 Q21...
[*] 正在测试 Q22...

基础指标:
  纯向量检索平均耗时 (Base Latency): 155.21 ms
  纯向量检索样本数: 18

                 TPC-H 22条查询性能测试结果 (共测试 22 条查询)                  
┏━━━━━━━━━━┳━━━━━━━━━━━━━┳━━━━━━━━━━┳━━━━━━━━━━━━━┳━━━━━━━━━━━━━━┳━━━━━━━━━━━━━┓
┃          ┃             ┃          ┃    平均延时 ┃     最小延时 ┃    最大延时 ┃
┃ Query ID ┃ 是否包含向… ┃ 测试次数 ┃        (ms) ┃         (ms) ┃        (ms) ┃
┡━━━━━━━━━━╇━━━━━━━━━━━━━╇━━━━━━━━━━╇━━━━━━━━━━━━━╇━━━━━━━━━━━━━━╇━━━━━━━━━━━━━┩
│ Q1       │     否      │        1 │    22177.05 │     22177.05 │    22177.05 │
│ Q2       │     否      │        1 │   619939.89 │    619939.89 │   619939.89 │
│ Q3       │     是      │        2 │   305620.02 │      3156.97 │   608083.06 │
│ Q4       │     否      │        1 │    59586.50 │     59586.50 │    59586.50 │
│ Q5       │     是      │        2 │   319769.93 │       340.05 │   639199.81 │
│ Q6       │     否      │        1 │     7522.82 │      7522.82 │     7522.82 │
│ Q7       │     否      │        1 │    32764.41 │     32764.41 │    32764.41 │
│ Q8       │     是      │        2 │   490092.43 │    189144.70 │   791040.15 │
│ Q9       │     是      │        2 │   735263.38 │    724730.09 │   745796.68 │
│ Q10      │     是      │        2 │   391973.56 │     98435.68 │   685511.43 │
│ Q11      │     是      │        2 │   328609.48 │       255.52 │   656963.44 │
│ Q12      │     是      │        2 │   315859.66 │       173.73 │   631545.59 │
│ Q13      │     否      │        1 │    25204.07 │     25204.07 │    25204.07 │
│ Q14      │     否      │        1 │   142331.92 │    142331.92 │   142331.92 │
│ Q15      │     否      │        1 │    10058.39 │     10058.39 │    10058.39 │
│ Q16      │     否      │        1 │   650128.98 │    650128.98 │   650128.98 │
│ Q17      │     否      │        1 │   229563.51 │    229563.51 │   229563.51 │
│ Q18      │     是      │        2 │   342154.76 │      2965.85 │   681343.66 │
│ Q19      │     否      │        1 │   173250.99 │    173250.99 │   173250.99 │
│ Q20      │     是      │        2 │   757513.40 │    724312.41 │   790714.40 │
│ Q21      │     否      │        1 │   163136.19 │    163136.19 │   163136.19 │
│ Q22      │     否      │        1 │    18651.98 │     18651.98 │    18651.98 │
└──────────┴─────────────┴──────────┴─────────────┴──────────────┴─────────────┘

总体统计:
  所有查询平均延时: 279144.24 ms
  成功测试的查询数: 22/22
[2026-02-28 10:56:02] 第二次运行完成
[2026-02-28 10:56:02] 恢复 CONFIG['db_name'] 为 'tpch10'...
[2026-02-28 10:56:02] 全部完成。日志: test_tpch10_227.log, test_tpch10_1_227.log
